// Jest Snapshot v1, https://goo.gl/fbAQLP

exports[`Thread action should return an action of type TOGGLE_MESSAGE_DETAIL 1`] = `
Object {
  "type": "TOGGLE_MESSAGE_DETAIL",
}
`;
